Testing RerankingRetriever...
Reranking 10 documents...
Got 3 results.
Content: Doc 9, Score: 0.9
Content: Doc 8, Score: 0.8
Content: Doc 7, Score: 0.7
Traceback (most recent call last):
  File "/Users/danielbenassaya/Code/personal/talmudpedia/backend/app/agent/components/retrieval/test_reranker.py", line 50, in <module>
    asyncio.run(test_reranking_retriever())
  File "/Library/Frameworks/Python.framework/Versions/3.12/lib/python3.12/asyncio/runners.py", line 194, in run
    return runner.run(main)
           ^^^^^^^^^^^^^^^^
  File "/Library/Frameworks/Python.framework/Versions/3.12/lib/python3.12/asyncio/runners.py", line 118, in run
    return self._loop.run_until_complete(task)
           ^^^^^^^^^^^^^^^^^^^^^^^^^^^^^^^^^^^
  File "/Library/Frameworks/Python.framework/Versions/3.12/lib/python3.12/asyncio/base_events.py", line 686, in run_until_complete
    return future.result()
           ^^^^^^^^^^^^^^^
  File "/Users/danielbenassaya/Code/personal/talmudpedia/backend/app/agent/components/retrieval/test_reranker.py", line 43, in test_reranking_retriever
    assert results[0].content == "Doc 5" # Base fetched 0-5 (6 docs). Reversed: 5,4,3,2,1,0. Top 3: 5,4,3.
           ^^^^^^^^^^^^^^^^^^^^^^^^^^^^^
AssertionError
