============================= test session starts ==============================
platform darwin -- Python 3.12.8, pytest-8.4.1, pluggy-1.6.0
rootdir: /Users/danielbenassaya/Code/personal/talmudpedia/backend
plugins: mock-3.15.1, anyio-4.12.0, asyncio-1.3.0, langsmith-0.4.56
asyncio: mode=Mode.STRICT, debug=False, asyncio_default_fixture_loop_scope=None, asyncio_default_test_loop_scope=function
collected 0 items / 1 error

==================================== ERRORS ====================================
_______________ ERROR collecting tests/test_agent_full_system.py _______________
ImportError while importing test module '/Users/danielbenassaya/Code/personal/talmudpedia/backend/tests/test_agent_full_system.py'.
Hint: make sure your test modules/packages have valid Python names.
Traceback:
/Library/Frameworks/Python.framework/Versions/3.12/lib/python3.12/importlib/__init__.py:90: in import_module
    return _bootstrap._gcd_import(name[level:], package, level)
           ^^^^^^^^^^^^^^^^^^^^^^^^^^^^^^^^^^^^^^^^^^^^^^^^^^^^
tests/test_agent_full_system.py:17: in <module>
    from app.agent.registry import AgentExecutorRegistry, BaseNodeExecutor
E   ImportError: cannot import name 'BaseNodeExecutor' from 'app.agent.registry' (/Users/danielbenassaya/Code/personal/talmudpedia/backend/app/agent/registry.py)
------------------------------- Captured stdout --------------------------------
DEBUG: Initializing DB Engine with URL: localhost:5432/postgres
DEBUG: Creating Async Engine with Psycopg (v3) and prepare_threshold=None
[TIMER] Pinecone list_indexes: 0.2812s
[TIMER] AdvancedRAGWorkflow init started
[TIMER] HybridRetriever setup: 0.0000s
------------------------------- Captured stderr --------------------------------
Both GOOGLE_API_KEY and GEMINI_API_KEY are set. Using GOOGLE_API_KEY.
=============================== warnings summary ===============================
app/db/postgres/base.py:3
  /Users/danielbenassaya/Code/personal/talmudpedia/backend/app/db/postgres/base.py:3: MovedIn20Warning: The ``declarative_base()`` function is now available as sqlalchemy.orm.declarative_base(). (deprecated since: 2.0) (Background on SQLAlchemy 2.0 at: https://sqlalche.me/e/b8d9)
    Base = declarative_base()

app/rag/pipeline/compiler.py:48
  /Users/danielbenassaya/Code/personal/talmudpedia/backend/app/rag/pipeline/compiler.py:48: PydanticDeprecatedSince20: Support for class-based `config` is deprecated, use ConfigDict instead. Deprecated in Pydantic V2.0 to be removed in V3.0. See Pydantic V2 Migration Guide at https://errors.pydantic.dev/2.12/migration/
    class VisualPipeline(BaseModel):

app/rag/pipeline/compiler.py:74
  /Users/danielbenassaya/Code/personal/talmudpedia/backend/app/rag/pipeline/compiler.py:74: PydanticDeprecatedSince20: Support for class-based `config` is deprecated, use ConfigDict instead. Deprecated in Pydantic V2.0 to be removed in V3.0. See Pydantic V2 Migration Guide at https://errors.pydantic.dev/2.12/migration/
    class ExecutablePipeline(BaseModel):

app/rag/pipeline/operator_executor.py:38
  /Users/danielbenassaya/Code/personal/talmudpedia/backend/app/rag/pipeline/operator_executor.py:38: PydanticDeprecatedSince20: Support for class-based `config` is deprecated, use ConfigDict instead. Deprecated in Pydantic V2.0 to be removed in V3.0. See Pydantic V2 Migration Guide at https://errors.pydantic.dev/2.12/migration/
    class ExecutionContext(BaseModel):

app/api/dependencies.py:13
  /Users/danielbenassaya/Code/personal/talmudpedia/backend/app/api/dependencies.py:13: PydanticDeprecatedSince20: Support for class-based `config` is deprecated, use ConfigDict instead. Deprecated in Pydantic V2.0 to be removed in V3.0. See Pydantic V2 Migration Guide at https://errors.pydantic.dev/2.12/migration/
    class AuthContext(BaseModel):

-- Docs: https://docs.pytest.org/en/stable/how-to/capture-warnings.html
=========================== short test summary info ============================
ERROR tests/test_agent_full_system.py
!!!!!!!!!!!!!!!!!!!! Interrupted: 1 error during collection !!!!!!!!!!!!!!!!!!!!
========================= 5 warnings, 1 error in 0.11s =========================
